// Vitest Snapshot v1, https://vitest.dev/guide/snapshot.html

exports[`R3: corpus de recetas semilla (src/data/recipes.json) > snapshot del conjunto de claves: cualquier cambio de reglas se ve en la revisión 1`] = `
[
  "aceite",
  "aceite de oliva",
  "aceite de sesamo",
  "acelga",
  "agua",
  "aguacate",
  "aguja de ternera",
  "ajo",
  "ajo en polvo",
  "albahaca fresca",
  "alcachofa",
  "almendra",
  "alubia blanca",
  "alubia roja cocida",
  "apio",
  "arroz",
  "arroz basmati",
  "arroz integral",
  "arroz redondo",
  "atun al natural",
  "azafran",
  "bacalao desalado",
  "berenjena",
  "boniato",
  "bonito",
  "brocoli",
  "cacao puro en polvo",
  "calabacin",
  "calabaza",
  "caldo de pescado",
  "caldo de pollo",
  "caldo de verdura",
  "canela",
  "caqui",
  "carn picada de ternera",
  "castana pelada",
  "cebolla",
  "cebolla morada",
  "cebollino",
  "champinon",
  "chil",
  "chocolate negro",
  "chorizo",
  "clara de huevo",
  "col lombarda",
  "coliflor",
  "comino",
  "contramuslo de pollo deshuesado y sin piel",
  "contramuslo de pollo sin piel",
  "copo de avena",
  "curcuma",
  "curry en polvo",
  "datil",
  "dorada",
  "edamame",
  "eneldo",
  "esparrago verd",
  "espinaca",
  "espinaca fresca",
  "fajita integral",
  "fiambr de pavo",
  "fideo",
  "fideo fino",
  "filete de pavo",
  "fruto rojo",
  "gamba pelada",
  "garbanzo",
  "garbanzo cocido",
  "granada",
  "guisante",
  "harina de maiz",
  "hielo",
  "hierbabuena",
  "higo",
  "hoja de lechuga",
  "hueso de jamon",
  "hueso de ternera",
  "huevo",
  "jamon de pavo",
  "jamon serrano",
  "jamon serrano en taquito",
  "jengibr rallado",
  "judia verd",
  "kefir natural",
  "langostino pelado",
  "laurel",
  "leche",
  "leche de coco ligera",
  "leche desnatada",
  "lechuga",
  "lenteja",
  "lenteja roja",
  "lenteja seca",
  "levadura",
  "lima",
  "limon",
  "lomo de bacalao",
  "lomo de caballa",
  "lomo de cerdo en una pieza",
  "lomo de cerdo magro",
  "lomo de dorada",
  "lomo de lubina",
  "lomo de merluza",
  "lomo de salmon",
  "magro de cerdo",
  "maiz dulz",
  "mandarina",
  "mantequilla",
  "manzana",
  "merluza",
  "miel",
  "mostaza",
  "mozzarella fresca",
  "mozzarella rallada",
  "muslo de pollo sin piel",
  "nabo",
  "nuez",
  "nuez moscada",
  "oregano",
  "pan de centeno",
  "pan de hamburguesa integral",
  "pan integral",
  "panecillo integral",
  "pasta corta",
  "pasta de sesamo",
  "pasta integral",
  "patata",
  "pechuga de pavo",
  "pechuga de pollo",
  "pechuga de pollo picada",
  "pepino",
  "pera",
  "perejil",
  "perejil fresco",
  "pimenton",
  "pimienta",
  "pimiento asado",
  "pimiento rojo",
  "pimiento verd",
  "platano",
  "platano maduro",
  "proteina en polvo",
  "puerro",
  "quesito light",
  "queso feta",
  "queso fresco batido",
  "queso parmesano rallado",
  "quinoa",
  "repollo",
  "romero",
  "rucula",
  "sal",
  "salmon ahumado",
  "salmon fresco",
  "salsa de soja",
  "semilla de chia",
  "sepia limpia",
  "sesamo",
  "seta variada",
  "skyr natural",
  "solomillo de cerdo",
  "taquito de jamon cocido",
  "taquito de jamon serrano",
  "tira de ternera",
  "tofu firme",
  "tomate",
  "tomate cherry",
  "tomate triturado",
  "tomillo",
  "tortilla de maiz",
  "tortilla de trigo",
  "tortilla integral",
  "tortita de arroz",
  "vinagr",
  "vinagr balsamico",
  "vinagr de jerez",
  "vino blanco",
  "yogur griego natural",
  "yogur natural",
  "yogur natural desnatado",
  "zanahoria",
]
`;
