// Vitest Snapshot v1, https://vitest.dev/guide/snapshot.html

exports[`R3: corpus de recetas semilla (src/data/recipes.json) > snapshot del conjunto de claves: cualquier cambio de reglas se ve en la revisión 1`] = `
[
  "aceite",
  "aceite de oliva",
  "aceite de sesamo",
  "acelga",
  "aguacate",
  "ajo",
  "ajo en polvo",
  "albahaca fresca",
  "alubia blanca",
  "apio",
  "arroz",
  "arroz integral",
  "atun al natural",
  "bacalao desalado",
  "berenjena",
  "boniato",
  "brocoli",
  "calabacin",
  "calabaza",
  "caldo de pescado",
  "caldo de pollo",
  "caldo de verdura",
  "canela",
  "caqui",
  "carn picada de ternera",
  "castana pelada",
  "cebolla",
  "cebolla morada",
  "cebollino",
  "champinon",
  "clara de huevo",
  "col lombarda",
  "coliflor",
  "comino",
  "copo de avena",
  "curry en polvo",
  "eneldo",
  "esparrago verd",
  "espinaca fresca",
  "fiambr de pavo",
  "fideo fino",
  "fruto rojo",
  "gamba pelada",
  "garbanzo cocido",
  "granada",
  "guisante",
  "harina",
  "harina de maiz",
  "hielo",
  "higo",
  "hoja de lechuga",
  "huevo",
  "jengibr rallado",
  "laurel",
  "leche",
  "leche de coco ligera",
  "leche desnatada",
  "lechuga",
  "lenteja",
  "lenteja roja",
  "lenteja seca",
  "levadura",
  "lima",
  "limon",
  "lomo de bacalao",
  "lomo de caballa",
  "lomo de dorada",
  "lomo de merluza",
  "lomo de salmon",
  "maiz dulz",
  "mantequilla",
  "manzana",
  "merluza",
  "miel",
  "mostaza",
  "mozzarella fresca",
  "nuez",
  "nuez moscada",
  "oregano",
  "pan de centeno",
  "pan de hamburguesa integral",
  "pan integral",
  "panecillo integral",
  "pasta corta",
  "pasta integral",
  "patata",
  "pechuga de pavo",
  "pechuga de pollo",
  "pepino",
  "perejil",
  "perejil fresco",
  "pimenton",
  "pimenton dulz",
  "pimienta",
  "pimiento rojo",
  "pimiento verd",
  "platano",
  "platano maduro",
  "proteina en polvo",
  "puerro",
  "quesito light",
  "queso feta",
  "queso fresco batido",
  "queso parmesano rallado",
  "quinoa",
  "romero",
  "rucula",
  "sal",
  "salsa de soja",
  "semilla de chia",
  "sesamo",
  "seta variada",
  "solomillo de cerdo",
  "taquito de jamon cocido",
  "tira de ternera",
  "tofu firme",
  "tomate",
  "tomate cherry",
  "tomate triturado",
  "tomillo",
  "tortilla de maiz",
  "tortilla de trigo",
  "tortilla integral",
  "vinagr",
  "vinagr balsamico",
  "yogur griego natural",
  "yogur natural",
  "zanahoria",
]
`;
